[backblue.gif]
[fade.gif]
[index.html]
[storage2.snappages.site/VKHSRW/assets/favicon.png]
[ajax.googleapis.com/ajax/libs/jquery/2.1.3/jquery.min.js]
[assets2.snappages.site/global/styles/website.min.css]
[storage2.snappages.site/VKHSRW/assets/themes/29727/style1698240542.css]
[assets2.snappages.site/global/assets/js/website.min.js]
[assets2.snappages.site/global/assets/icons/fontawesome/css/all.min.css]
[assets2.snappages.site/global/assets/icons/fontawesome/css/v4-shims.min.css]
[assets2.snappages.site/global/assets/icons/pixeden/css/pe-icon-7-stroke.min.css]
[assets2.snappages.site/global/assets/icons/typicons/typicons.min.css]
[storage2.snappages.site/VKHSRW/assets/images/3366712_1191x354_500.png]
[storage2.snappages.site/VKHSRW/assets/images/13253626_1600x166_500.jpg]
[storage2.snappages.site/VKHSRW/assets/images/10696412_1920x1080_500.jpg]
[storage2.snappages.site/VKHSRW/assets/images/9332088_1024x1024_500.jpg]
[storage2.snappages.site/VKHSRW/assets/images/13253646_1024x1024_500.jpg]
[storage2.snappages.site/VKHSRW/assets/images/3051148_8014x4501_500.jpg]
[storage2.snappages.site/VKHSRW/assets/images/3330069_1920x1080_500.jpg]
[storage2.snappages.site/VKHSRW/assets/images/3026393_1920x1080_500.jpg]
[storage2.snappages.site/VKHSRW/assets/images/3255654_1920x1080_500.jpg]
[storage2.snappages.site/VKHSRW/assets/images/3255852_1920x1080_500.jpg]
[storage2.snappages.site/VKHSRW/assets/images/3255857_1920x1080_500.jpg]
[storage2.snappages.site/VKHSRW/assets/images/13074419_1080x1080_500.jpg]
[storage2.snappages.site/VKHSRW/assets/images/9856169_1600x1066_500.jpg]
[cdn.subsplash.com/screenshots/VKHSRW/_source/25382ac8-b943-4c95-8719-15747b014545/screenshot.jpg]
[cdn.subsplash.com/screenshots/VKHSRW/_source/efaae74c-d64d-42c7-b9ee-f89a618435d9/screenshot.jpg]
[rccgovercomerschapel.org/index.html]
[assets2.snappages.site/global/styles/website.min.css]
[storage2.snappages.site/VKHSRW/assets/themes/29727/style1698240542.css]
[assets2.snappages.site/global/assets/icons/fontawesome/css/all.min.css]
[assets2.snappages.site/global/assets/icons/fontawesome/css/v4-shims.min.css]
[assets2.snappages.site/global/assets/icons/pixeden/css/pe-icon-7-stroke.min.css]
[assets2.snappages.site/global/assets/icons/typicons/typicons.eot]
[assets2.snappages.site/global/assets/icons/typicons/typiconsd41d.eot]
[assets2.snappages.site/global/assets/icons/typicons/typicons.woff]
[assets2.snappages.site/global/assets/icons/typicons/typicons.ttf]
[assets2.snappages.site/global/assets/icons/typicons/typicons.min.css]
[rccgovercomerschapel.org/about.html]
[storage2.snappages.site/VKHSRW/assets/images/3291930_1920x1080_500.jpg]
[storage2.snappages.site/VKHSRW/assets/images/3291937_1920x1080_500.jpg]
[storage2.snappages.site/VKHSRW/assets/images/3291942_1920x1080_500.jpg]
[storage2.snappages.site/VKHSRW/assets/images/3026525_8014x4501_500.jpg]
[storage2.snappages.site/VKHSRW/assets/images/3026460_8014x4501_500.jpg]
[storage2.snappages.site/VKHSRW/assets/images/3026536_8014x4501_500.jpg]
[rccgovercomerschapel.org/mission-and-vision.html]
[storage2.snappages.site/VKHSRW/assets/images/2996516_4480x6720_500.jpg]
[storage2.snappages.site/VKHSRW/assets/images/2996561_4856x4480_500.jpg]
[storage2.snappages.site/VKHSRW/assets/images/2996566_5916x4480_500.jpg]
[storage2.snappages.site/VKHSRW/assets/images/3291201_552x455_500.jpg]
[storage2.snappages.site/VKHSRW/assets/images/2996571_3360x4554_500.jpg]
[storage2.snappages.site/VKHSRW/assets/images/2996637_6173x4480_500.jpg]
[storage2.snappages.site/VKHSRW/assets/images/3291260_563x446_500.jpg]
[storage2.snappages.site/VKHSRW/assets/images/2996576_5840x4480_500.jpg]
[storage2.snappages.site/VKHSRW/assets/images/2996601_3780x3360_500.jpg]
[storage2.snappages.site/VKHSRW/assets/images/2996606_3829x3360_500.jpg]
[storage2.snappages.site/VKHSRW/assets/images/2996617_5190x4361_500.jpg]
[storage2.snappages.site/VKHSRW/assets/images/3291186_608x488_500.jpg]
[storage2.snappages.site/VKHSRW/assets/images/3048100_5700x4480_500.jpg]
[storage2.snappages.site/VKHSRW/assets/images/2996632_6020x4348_500.jpg]
[rccgovercomerschapel.org/leadership.html]
[rccgovercomerschapel.org/i-am-new.html]
[rccgovercomerschapel.org/new-life.html]
[storage2.snappages.site/VKHSRW/assets/images/3048035_6720x4480_500.jpg]
[storage2.snappages.site/VKHSRW/assets/images/3051561_4425x3319_500.jpg]
[storage2.snappages.site/VKHSRW/assets/images/3444978_4464x2976_500.jpg]
[storage2.snappages.site/VKHSRW/assets/images/3052382_6720x4480_500.jpg]
[rccgovercomerschapel.org/service-times.html]
[rccgovercomerschapel.org/share.html]
[rccgovercomerschapel.org/contact.html]
[rccgovercomerschapel.org/nextsteps.html]
[storage2.snappages.site/VKHSRW/assets/images/3292160_1920x1080_500.jpg]
[storage2.snappages.site/VKHSRW/assets/images/3026413_1920x1080_500.jpg]
[rccgovercomerschapel.org/connect.html]
[storage2.snappages.site/VKHSRW/assets/images/3026403_1920x1080_500.jpg]
[storage2.snappages.site/VKHSRW/assets/images/3026398_1920x1080_500.jpg]
[rccgovercomerschapel.org/grow.html]
[storage2.snappages.site/VKHSRW/assets/images/3048404_4464x2976_500.jpg]
[storage2.snappages.site/VKHSRW/assets/images/2996333_5954x4480_500.jpg]
[rccgovercomerschapel.org/serve.html]
[storage2.snappages.site/VKHSRW/assets/images/13215686_740x702_500.png]
[rccgovercomerschapel.org/events.html]
[images.subsplash.com/image2f0d.jpg]
[images.subsplash.com/image0219.jpg]
[images.subsplash.com/imagec4f7.jpg]
[images.subsplash.com/image6b7e.jpg]
[images.subsplash.com/image3f74.jpg]
[images.subsplash.com/imagee238.jpg]
[images.subsplash.com/imagec159.jpg]
[images.subsplash.com/image833b.jpg]
[images.subsplash.com/image8f09.jpg]
[images.subsplash.com/imagea8d0.jpg]
[rccgovercomerschapel.org/sermons.html]
[rccgovercomerschapel.org/give.html]
[storage2.snappages.site/VKHSRW/assets/images/3026206_8013x4501_500.jpg]
[storage2.snappages.site/VKHSRW/assets/images/3052979_8014x4501_500.jpg]
[storage2.snappages.site/VKHSRW/assets/images/3331559_1920x1080_500.jpg]
[storage2.snappages.site/VKHSRW/assets/images/3026366_2048x1150_500.jpg]
[storage2.snappages.site/VKHSRW/assets/images/3026186_8014x4501_500.jpg]
[storage2.snappages.site/VKHSRW/assets/images/3330036_1920x1080_500.jpg]
[storage2.snappages.site/VKHSRW/assets/images/3255301_1920x1080_500.jpg]
[storage2.snappages.site/VKHSRW/assets/images/3132127_8014x4501_500.jpg]
[storage2.snappages.site/VKHSRW/assets/images/3330046_1920x1080_500.jpg]
[rccgovercomerschapel.org/naturalgroups.html]
[rccgovercomerschapel.org/workers-portal.html]
[rccgovercomerschapel.org/privacypolicy.html]
[assets2.snappages.site/global/icons/photoswipe/default-skin.png]
[assets2.snappages.site/global/icons/photoswipe/preloader.gif]
[assets2.snappages.site/global/assets/icons/typicons/typicons.svg]
[rccgovercomerschapel.org/ourvalues.html]
[rccgovercomerschapel.org/lifecentres.html]
[storage2.snappages.site/VKHSRW/assets/images/13215649_1080x1920_500.png]
[storage2.snappages.site/VKHSRW/assets/images/2996424_6016x4016_500.jpg]
[storage2.snappages.site/VKHSRW/assets/images/2996429_6016x4016_500.jpg]
[storage2.snappages.site/VKHSRW/assets/images/2988467_2400x2400_500.png]
[storage2.snappages.site/VKHSRW/assets/images/3047278_6720x4480_500.jpg]
[storage2.snappages.site/VKHSRW/assets/images/3047168_6720x4480_500.jpg]
[storage2.snappages.site/VKHSRW/assets/images/3047253_6720x4480_500.jpg]
[rccgovercomerschapel.org/children.html]
[storage2.snappages.site/VKHSRW/assets/images/3053294_8014x4501_500.jpg]
[storage2.snappages.site/VKHSRW/assets/images/3026273_8014x4501_500.jpg]
[storage2.snappages.site/VKHSRW/assets/images/3026294_8014x4501_500.jpg]
[storage2.snappages.site/VKHSRW/assets/images/3055141_8014x4501_500.jpg]
[rccgovercomerschapel.org/ministries.html]
[rccgovercomerschapel.org/awana.html]
[cdn.subsplash.com/images/_STOCK/_source/da020bad-393a-4a5a-a72b-6e477790352b/image.jpg]
[rccgovercomerschapel.org/media/series/2cph5tt/a-nazarite-series.html]
[cdn.subsplash.com/images/VKHSRW/_source/dfa77f84-df14-4ed0-85a3-6f82c5af1ec0/image.jpg]
[rccgovercomerschapel.org/media/series/dkybyqp/2023-sermon-library.html]
[cdn.subsplash.com/images/_STOCK/_source/871cf82c-00ee-4c7d-a1a0-a9ca0cde3e63/image.jpg]
[rccgovercomerschapel.org/media/series/q5y4f3d/pastor-femi-olawale.html]
[rccgovercomerschapel.org/media/series/7dfz5bq/2022-sermon-library.html]
[rccgovercomerschapel.org/media/series/tkkdw3h/2021-sermon-library.html]
[cdn.subsplash.com/images/_STOCK/_source/76d5ac0b-48cf-47ae-965a-04842791b720/image.jpg]
[rccgovercomerschapel.org/media/series/ccbvs3w/redeeming-the-times.html]
[cdn.subsplash.com/images/_STOCK/_source/ad8e5f6a-dcca-4e28-b034-7f3445d0feb7/image.jpg]
[rccgovercomerschapel.org/media/series/8dnmyhk/sermon-of-the-week.html]
[cdn.subsplash.com/images/_STOCK/_source/575d5ed4-8118-47b8-847b-b1c5c31021c5/image.jpg]
[rccgovercomerschapel.org/media/series/s52pz78/journey-to-intimacy-with-god.html]
[cdn.subsplash.com/images/_STOCK/_source/0dc06f97-c2fd-4991-bc92-ceeb2707121e/image.jpg]
[rccgovercomerschapel.org/media/series/kdgjkh7/am-i-a-member-of-the-body-of-christ.html]
[cdn.subsplash.com/images/_STOCK/_source/65739bc2-f5a7-4027-a43e-1f7abda11115/image.jpg]
[images.subsplash.com/imagea759.jpg]
[rccgovercomerschapel.org/media/series/5b5nps8/prayer-school.html]
[cdn.subsplash.com/images/VKHSRW/_source/1e2e0076-1a45-4894-83b5-72430a3feda5/image.png]
[rccgovercomerschapel.org/media/series/n8w4s4c/power-conductor.html]
[cdn.subsplash.com/images/VKHSRW/_source/dcb5fb84-0638-41ef-907f-b0d8e637c292/image.jpg]
[images.subsplash.com/image72ae.jpg]
[rccgovercomerschapel.org/media/series/3fhcrpw/2018-sermon-library.html]
[storage2.snappages.site/VKHSRW/assets/images/3027533_4480x3360_500.jpg]
[storage2.snappages.site/VKHSRW/assets/images/3027480_4480x3360_500.jpg]
[storage2.snappages.site/VKHSRW/assets/images/3027559_3649x2737_500.jpg]
[rccgovercomerschapel.org/men.html]
[storage2.snappages.site/VKHSRW/assets/images/3027279_5456x4092_500.jpg]
[storage2.snappages.site/VKHSRW/assets/images/2996364_6720x4480_500.jpg]
[storage2.snappages.site/VKHSRW/assets/images/3027258_6720x4480_500.jpg]
[rccgovercomerschapel.org/esthers-fellowship.html]
[storage2.snappages.site/VKHSRW/assets/images/3027170_2048x1365_500.jpg]
[storage2.snappages.site/VKHSRW/assets/images/2996960_5040x3360_500.jpg]
[storage2.snappages.site/VKHSRW/assets/images/2996698_4000x3000_500.jpg]
[rccgovercomerschapel.org/young-adults.html]
[storage2.snappages.site/VKHSRW/assets/images/3027580_4480x3360_500.jpg]
[storage2.snappages.site/VKHSRW/assets/images/2996924_6720x4480_500.jpg]
[storage2.snappages.site/VKHSRW/assets/images/2998568_4464x2976_500.jpg]
[rccgovercomerschapel.org/women.html]
[storage2.snappages.site/VKHSRW/assets/images/3027318_4000x3000_500.jpg]
[storage2.snappages.site/VKHSRW/assets/images/3027289_4480x3360_500.jpg]
[storage2.snappages.site/VKHSRW/assets/images/3027303_6720x4480_500.jpg]
[rccgovercomerschapel.org/daniels-generation.html]
[rccgovercomerschapel.org/divine-pioneers.html]
[storage2.snappages.site/VKHSRW/assets/images/3132177_6720x4480_500.jpg]
[storage2.snappages.site/VKHSRW/assets/images/3132112_6720x4480_500.jpg]
[storage2.snappages.site/VKHSRW/assets/images/3132202_6720x4480_500.jpg]
[rccgovercomerschapel.org/elders.html]
[rccgovercomerschapel.org/youngcouplesfellowship.html]
[storage2.snappages.site/VKHSRW/assets/images/3054110_6720x4480_500.jpg]
[storage2.snappages.site/VKHSRW/assets/images/3054349_714x474_500.jpg]
[storage2.snappages.site/VKHSRW/assets/images/3610009_1920x1080_500.jpg]
[rccgovercomerschapel.org/outreach.html]
[storage2.snappages.site/VKHSRW/assets/images/3047375_6720x4480_500.jpg]
[storage2.snappages.site/VKHSRW/assets/images/2996714_4480x3360_500.jpg]
[storage2.snappages.site/VKHSRW/assets/images/3047411_4480x3360_500.jpg]
[storage2.snappages.site/VKHSRW/assets/images/3047401_4480x3360_500.jpg]
[rccgovercomerschapel.org/marriage-and-family.html]
[storage2.snappages.site/VKHSRW/assets/images/2997232_6720x4480_500.jpg]
[storage2.snappages.site/VKHSRW/assets/images/3438636_1080x1080_500.jpg]
[rccgovercomerschapel.org/prayer.html]
[storage2.snappages.site/VKHSRW/assets/images/3055050_4464x2976_500.jpg]
[storage2.snappages.site/VKHSRW/assets/images/3055039_4464x2976_500.jpg]
[storage2.snappages.site/VKHSRW/assets/images/3054984_6720x4480_500.jpg]
[rccgovercomerschapel.org/the-living-praise-choir.html]
[storage2.snappages.site/VKHSRW/assets/images/10128565_444x444_500.png]
[storage2.snappages.site/VKHSRW/assets/images/10128658_2468x318_500.png]
[rccgovercomerschapel.org/grand-prix.html]
[rccgovercomerschapel.org/media/f2gcmck/a-nazarite-part-3-pastor-femi-olawale.html]
[rccgovercomerschapel.org/media/58bwnm7/a-nazarite-part-2-pastor-femi-olawale.html]
[rccgovercomerschapel.org/media/6hwphdq/a-nazarite-part-1-pastor-femi-olawale.html]
[rccgovercomerschapel.org/media/gqxs9m9/a-nazarite-part-3-pastor-femi-olawale.html]
[rccgovercomerschapel.org/media/gh49vnt/a-nazarite-part-2-pastor-femi-olawale.html]
[rccgovercomerschapel.org/media/y4j9jdb/a-nazarite-part-1-pastor-femi-olawale.html]
[rccgovercomerschapel.org/media/7qwwm5y/annual-thanksgiving-healing-service.html]
[rccgovercomerschapel.org/media/j745m7d/open-heavens.html]
[rccgovercomerschapel.org/media/pnr5tzk/waiting-for-him-waiting-on-him.html]
[rccgovercomerschapel.org/media/6cnyyvf/a-table-before-me-in-the-presence-of-challenges.html]
[rccgovercomerschapel.org/media/hxg4df7/grace-of-god-grace-our-teacher.html]
[rccgovercomerschapel.org/media/d6gdkxg/the-power-of-resurrection-pastor-femi-olawale.html]
[rccgovercomerschapel.org/media/xbktswg/the-triumphant-entry-of-jesus.html]
[rccgovercomerschapel.org/media/ywrv43x/contend-to-conquer.html]
[rccgovercomerschapel.org/media/rngwdx8/a-nazarite-part-3-pastor-femi-olawale.html]
[rccgovercomerschapel.org/media/hhxrxng/a-nazarite-part-2-pastor-femi-olawale.html]
[rccgovercomerschapel.org/media/9bqygm9/a-nazarite-part-1-pastor-femi-olawale.html]
[rccgovercomerschapel.org/media/d7zjv23/annual-thanksgiving-healing-service.html]
[rccgovercomerschapel.org/media/nbvcsb2/in-returning-and-rest-shall-be-your-peace.html]
[rccgovercomerschapel.org/media/s7pn2f8/follow-the-pattern-pt-4.html]
[rccgovercomerschapel.org/media/wgvyqb2/the-wall-hedge-around-you.html]
[rccgovercomerschapel.org/media/j7d8925/the-eternal-god.html]
[rccgovercomerschapel.org/media/xjxpwrm/his-praise-is-befitting-pastor-bukky-olawale.html]
[rccgovercomerschapel.org/media/bs9cdrr/like-them-that-dream-pastor-femi-debo-omidokun.html]
[rccgovercomerschapel.org/media/pxjd3w3/follow-the-pattern-pt-5.html]
[rccgovercomerschapel.org/media/nbc6d3s/to-the-praise-of-his-name-pastor-femi-debo-omidokun.html]
[rccgovercomerschapel.org/media/25m85wt/keys-to-god-s-power.html]
[rccgovercomerschapel.org/media/vghv9hk/the-ever-increasing-christian-life-pastor-wonuola-adetayo.html]
[rccgovercomerschapel.org/media/56gqnx2/god-can-give-you-a-fresh-start-divine-agbana.html]
[rccgovercomerschapel.org/media/2szx5jj/jubilation-time-pastor-femi-olawale.html]
[rccgovercomerschapel.org/media/z4yyft9/follow-the-pattern.html]
[rccgovercomerschapel.org/media/8gvbxzd/none-returned-to-give-glory.html]
[rccgovercomerschapel.org/media/jsc77p3/by-this-shall-men-know.html]
[rccgovercomerschapel.org/media/pg8xsxg/our-god-whom-we-serve-will-save-us.html]
[rccgovercomerschapel.org/media/jzk47n9/the-power-of-his-presence.html]
[rccgovercomerschapel.org/media/k736dyw/the-legacy-of-serving-god.html]
[rccgovercomerschapel.org/media/2mdmz6v/help-from-god.html]
[rccgovercomerschapel.org/media/bm24f4m/the-identity-of-a-man.html]
[rccgovercomerschapel.org/media/5rdxx2t/the-manifestation-of-the-sons-of-god.html]
[rccgovercomerschapel.org/media/8z444jy/spiritual-dominion.html]
[rccgovercomerschapel.org/media/p6dvmnw/the-power-and-wisdom-of-god.html]
[rccgovercomerschapel.org/media/rjgrnkg/the-leading-man-walking-in-victory.html]
[rccgovercomerschapel.org/media/p4t3gkk/a-new-season.html]
[rccgovercomerschapel.org/media/36hnhnc/redeeming-the-times-part-3.html]
[rccgovercomerschapel.org/media/7zmm2t9/redeeming-the-times-part-2.html]
[rccgovercomerschapel.org/media/mjmjdmt/redeeming-the-times-part-1.html]
[rccgovercomerschapel.org/media/s575jpn/manifestation.html]
[rccgovercomerschapel.org/media/qqczysj/open-heavens.html]
[rccgovercomerschapel.org/media/yf67njw/from-glory-to-glory.html]
[rccgovercomerschapel.org/media/8y4vs8g/transformed-to-reign.html]
[rccgovercomerschapel.org/media/583jr88/living-for-god.html]
[rccgovercomerschapel.org/media/9px6f43/sustaining-the-fire.html]
[rccgovercomerschapel.org/media/yr3n2by/waiting-for-him-waiting-on-him.html]
[rccgovercomerschapel.org/media/w2vnjg9/exercising-self-control-amidst-freedom.html]
[rccgovercomerschapel.org/media/3686wps/thanksgiving-is-a-good-thing.html]
[rccgovercomerschapel.org/media/qrrkpjd/a-legacy-of-godly-values.html]
[rccgovercomerschapel.org/media/wyn37ns/rejoice-in-the-lord.html]
[rccgovercomerschapel.org/media/ygf8ykd/a-table-before-me-in-the-presence-of-challenges.html]
[rccgovercomerschapel.org/media/4rhzpg6/journey-to-intimacy-with-god-part-4.html]
[rccgovercomerschapel.org/media/sc226d9/journey-to-intimacy-with-god-part-3.html]
[rccgovercomerschapel.org/media/rsqxrdc/journey-to-intimacy-with-god-part-5.html]
[rccgovercomerschapel.org/media/ftd27zt/journey-to-intimacy-with-god-part-2.html]
[rccgovercomerschapel.org/media/469kscv/journey-to-intimacy-with-god-part-1.html]
[rccgovercomerschapel.org/media/j68ttgn/am-i-a-member-of-the-body-of-christ-part-2.html]
[rccgovercomerschapel.org/media/49cs9qn/am-i-a-member-of-the-body-of-christ-part-3.html]
[rccgovercomerschapel.org/media/4fr94rv/am-i-a-member-of-the-body-of-christ-part-1.html]
[rccgovercomerschapel.org/media/f4crh5j/am-i-a-member-of-the-body-of-christ-part-4.html]
[rccgovercomerschapel.org/media/xhzrmqb/prayer-school-2018.html]
[rccgovercomerschapel.org/media/r69vx4g/prayer-school-2018.html]
[rccgovercomerschapel.org/media/qr7d2cy/prayer-school-2018.html]
[rccgovercomerschapel.org/media/dpw392m/prayer-school-2019.html]
[rccgovercomerschapel.org/media/7mgghkc/prayer-school-2019.html]
[rccgovercomerschapel.org/media/nx6z3cy/prayer-school-2019.html]
[rccgovercomerschapel.org/media/rzcjtm6/begin-with-the-end-in-mind.html]
[rccgovercomerschapel.org/media/jh2v24z/god-is-the-assurance-of-victory.html]
[rccgovercomerschapel.org/media/pfv4wnc/the-god-moment.html]
[rccgovercomerschapel.org/media/v874p3d/the-love-that-endures.html]
[rccgovercomerschapel.org/media/shq3wqf/facing-your-giants.html]
[rccgovercomerschapel.org/media/pnwynwv/what-is-your-life-manifesting.html]
[rccgovercomerschapel.org/media/yyrd8y5/the-lord-of-the-passover.html]
[rccgovercomerschapel.org/media/246hmmp/the-unknown-god.html]
[rccgovercomerschapel.org/media/smtcwy9/the-power-of-a-seed.html]
[rccgovercomerschapel.org/media/trprzpj/are-you-in-faith.html]
[rccgovercomerschapel.org/media/kjpx3qx/contending-for-your-soul.html]
[rccgovercomerschapel.org/media/4dpc5yy/dealing-with-the-but-in-your-life.html]
[rccgovercomerschapel.org/campus-fellowship.html]
[rccgovercomerschapel.org/young-adults-magazine.html]
[rccgovercomerschapel.org/occ.html]
[rccgovercomerschapel.org/hecares-wecare.html]
[rccgovercomerschapel.org/media/shn6rh7/the-wall-hedge-around-you.html]
[rccgovercomerschapel.org/media/vb2w4qt/rejoice-a-tool-for-victory-deacon-emmanuel-emuze.html]
[rccgovercomerschapel.org/media/n87g5qd/your-season-of-manifestation.html]
[rccgovercomerschapel.org/media/fy5rwfj/grace-to-encounter-gods-favour-as-a-woman.html]
[rccgovercomerschapel.org/media/kw4j39d/divine-encounter.html]
